Archive member included to satisfy reference by file (symbol)

d:/CH573FEVT/CH573F_TFT/StdPeriphDriver\libISP573.a(ISP573.o)
                              ./StdPeriphDriver/CH57x_flash.o (FLASH_EEPROM_CMD)
d:/wch/mounriver_studio2/resources/app/resources/win32/components/wch/toolchain/risc-v embedded gcc/bin/../lib/gcc/riscv-none-embed/8.2.0/rv32imac/ilp32\libgcc.a(muldf3.o)
                              ./src/TFTc/TFT_CAD.o (__muldf3)
d:/wch/mounriver_studio2/resources/app/resources/win32/components/wch/toolchain/risc-v embedded gcc/bin/../lib/gcc/riscv-none-embed/8.2.0/rv32imac/ilp32\libgcc.a(fixunsdfsi.o)
                              ./src/TFTc/TFT_CAD.o (__fixunsdfsi)
d:/wch/mounriver_studio2/resources/app/resources/win32/components/wch/toolchain/risc-v embedded gcc/bin/../lib/gcc/riscv-none-embed/8.2.0/rv32imac/ilp32\libgcc.a(floatsidf.o)
                              ./src/TFTc/TFT_CAD.o (__floatsidf)
d:/wch/mounriver_studio2/resources/app/resources/win32/components/wch/toolchain/risc-v embedded gcc/bin/../lib/gcc/riscv-none-embed/8.2.0/rv32imac/ilp32\libgcc.a(addsf3.o)
                              ./src/TFTc/TFT_CAD.o (__addsf3)
d:/wch/mounriver_studio2/resources/app/resources/win32/components/wch/toolchain/risc-v embedded gcc/bin/../lib/gcc/riscv-none-embed/8.2.0/rv32imac/ilp32\libgcc.a(divsf3.o)
                              ./src/TFTc/TFT_CAD.o (__divsf3)
d:/wch/mounriver_studio2/resources/app/resources/win32/components/wch/toolchain/risc-v embedded gcc/bin/../lib/gcc/riscv-none-embed/8.2.0/rv32imac/ilp32\libgcc.a(mulsf3.o)
                              ./src/TFTc/TFT_CAD.o (__mulsf3)
d:/wch/mounriver_studio2/resources/app/resources/win32/components/wch/toolchain/risc-v embedded gcc/bin/../lib/gcc/riscv-none-embed/8.2.0/rv32imac/ilp32\libgcc.a(subsf3.o)
                              ./src/TFTc/TFT_CAD.o (__subsf3)
d:/wch/mounriver_studio2/resources/app/resources/win32/components/wch/toolchain/risc-v embedded gcc/bin/../lib/gcc/riscv-none-embed/8.2.0/rv32imac/ilp32\libgcc.a(fixsfsi.o)
                              ./StdPeriphDriver/CH57x_clk.o (__fixsfsi)
d:/wch/mounriver_studio2/resources/app/resources/win32/components/wch/toolchain/risc-v embedded gcc/bin/../lib/gcc/riscv-none-embed/8.2.0/rv32imac/ilp32\libgcc.a(fixunssfsi.o)
                              ./src/TFTc/TFT_CAD.o (__fixunssfsi)
d:/wch/mounriver_studio2/resources/app/resources/win32/components/wch/toolchain/risc-v embedded gcc/bin/../lib/gcc/riscv-none-embed/8.2.0/rv32imac/ilp32\libgcc.a(floatsisf.o)
                              ./src/TFTc/TFT_CAD.o (__floatsisf)
d:/wch/mounriver_studio2/resources/app/resources/win32/components/wch/toolchain/risc-v embedded gcc/bin/../lib/gcc/riscv-none-embed/8.2.0/rv32imac/ilp32\libgcc.a(floatunsisf.o)
                              ./src/TFTc/TFT_CAD.o (__floatunsisf)
d:/wch/mounriver_studio2/resources/app/resources/win32/components/wch/toolchain/risc-v embedded gcc/bin/../lib/gcc/riscv-none-embed/8.2.0/rv32imac/ilp32\libgcc.a(extendsfdf2.o)
                              ./src/TFTc/TFT_CAD.o (__extendsfdf2)
d:/wch/mounriver_studio2/resources/app/resources/win32/components/wch/toolchain/risc-v embedded gcc/bin/../lib/gcc/riscv-none-embed/8.2.0/rv32imac/ilp32\libgcc.a(truncdfsf2.o)
                              ./StdPeriphDriver/CH57x_clk.o (__truncdfsf2)
d:/wch/mounriver_studio2/resources/app/resources/win32/components/wch/toolchain/risc-v embedded gcc/bin/../lib/gcc/riscv-none-embed/8.2.0/rv32imac/ilp32\libgcc.a(_clzsi2.o)
                              d:/wch/mounriver_studio2/resources/app/resources/win32/components/wch/toolchain/risc-v embedded gcc/bin/../lib/gcc/riscv-none-embed/8.2.0/rv32imac/ilp32\libgcc.a(muldf3.o) (__clzsi2)
d:/wch/mounriver_studio2/resources/app/resources/win32/components/wch/toolchain/risc-v embedded gcc/bin/../lib/gcc/riscv-none-embed/8.2.0/rv32imac/ilp32\libgcc.a(_clz.o)
                              d:/wch/mounriver_studio2/resources/app/resources/win32/components/wch/toolchain/risc-v embedded gcc/bin/../lib/gcc/riscv-none-embed/8.2.0/rv32imac/ilp32\libgcc.a(_clzsi2.o) (__clz_tab)
d:/wch/mounriver_studio2/resources/app/resources/win32/components/wch/toolchain/risc-v embedded gcc/bin/../lib/gcc/riscv-none-embed/8.2.0/../../../../riscv-none-embed/lib/rv32imac/ilp32\libg_nano.a(lib_a-malloc.o)
                              ./src/TFTc/TFT_io.o (malloc)
d:/wch/mounriver_studio2/resources/app/resources/win32/components/wch/toolchain/risc-v embedded gcc/bin/../lib/gcc/riscv-none-embed/8.2.0/../../../../riscv-none-embed/lib/rv32imac/ilp32\libg_nano.a(lib_a-nano-freer.o)
                              d:/wch/mounriver_studio2/resources/app/resources/win32/components/wch/toolchain/risc-v embedded gcc/bin/../lib/gcc/riscv-none-embed/8.2.0/../../../../riscv-none-embed/lib/rv32imac/ilp32\libg_nano.a(lib_a-malloc.o) (_free_r)
[...]
Memory Configuration

Name             Origin             Length             Attributes
FLASH            0x0000000000000000 0x0000000000070000 xr
RAM              0x0000000020003800 0x0000000000004800 xrw
*default*        0x0000000000000000 0xffffffffffffffff

Linker script and memory map

LOAD ./src/TFTc/TFT_CAD.o
LOAD ./src/TFTc/TFT_init.o
LOAD ./src/TFTc/TFT_io.o
LOAD ./src/TFTc/TFT_text.o
LOAD ./src/TFTc/font.o
LOAD ./src/Main.o
LOAD ./StdPeriphDriver/CH57x_adc.o
LOAD ./StdPeriphDriver/CH57x_clk.o
LOAD ./StdPeriphDriver/CH57x_flash.o
LOAD ./StdPeriphDriver/CH57x_gpio.o
LOAD ./StdPeriphDriver/CH57x_pwr.o
LOAD ./StdPeriphDriver/CH57x_spi0.o
LOAD ./StdPeriphDriver/CH57x_sys.o
LOAD ./StdPeriphDriver/CH57x_uart0.o
LOAD ./StdPeriphDriver/CH57x_uart1.o
LOAD ./Startup/startup_CH573.o
LOAD ./RVMSIS/core_riscv.o
LOAD d:/CH573FEVT/CH573F_TFT/StdPeriphDriver\libISP573.a
LOAD d:/wch/mounriver_studio2/resources/app/resources/win32/components/wch/toolchain/risc-v embedded gcc/bin/../lib/gcc/riscv-none-embed/8.2.0/rv32imac/ilp32\libgcc.a
LOAD d:/wch/mounriver_studio2/resources/app/resources/win32/components/wch/toolchain/risc-v embedded gcc/bin/../lib/gcc/riscv-none-embed/8.2.0/../../../../riscv-none-embed/lib/rv32imac/ilp32\libg_nano.a
LOAD d:/wch/mounriver_studio2/resources/app/resources/win32/components/wch/toolchain/risc-v embedded gcc/bin/../lib/gcc/riscv-none-embed/8.2.0/../../../../riscv-none-embed/lib/rv32imac/ilp32\libc_nano.a
LOAD d:/wch/mounriver_studio2/resources/app/resources/win32/components/wch/toolchain/risc-v embedded gcc/bin/../lib/gcc/riscv-none-embed/8.2.0/rv32imac/ilp32\libgcc.a
START GROUP
LOAD d:/wch/mounriver_studio2/resources/app/resources/win32/components/wch/toolchain/risc-v embedded gcc/bin/../lib/gcc/riscv-none-embed/8.2.0/rv32imac/ilp32\libgcc.a
LOAD d:/wch/mounriver_studio2/resources/app/resources/win32/components/wch/toolchain/risc-v embedded gcc/bin/../lib/gcc/riscv-none-embed/8.2.0/../../../../riscv-none-embed/lib/rv32imac/ilp32\libc_nano.a
LOAD d:/wch/mounriver_studio2/resources/app/resources/win32/components/wch/toolchain/risc-v embedded gcc/bin/../lib/gcc/riscv-none-embed/8.2.0/../../../../riscv-none-embed/lib/rv32imac/ilp32\libnosys.a
END GROUP
START GROUP
LOAD d:/wch/mounriver_studio2/resources/app/resources/win32/components/wch/toolchain/risc-v embedded gcc/bin/../lib/gcc/riscv-none-embed/8.2.0/rv32imac/ilp32\libgcc.a
LOAD d:/wch/mounriver_studio2/resources/app/resources/win32/components/wch/toolchain/risc-v embedded gcc/bin/../lib/gcc/riscv-none-embed/8.2.0/../../../../riscv-none-embed/lib/rv32imac/ilp32\libc_nano.a
LOAD d:/wch/mounriver_studio2/resources/app/resources/win32/components/wch/toolchain/risc-v embedded gcc/bin/../lib/gcc/riscv-none-embed/8.2.0/../../../../riscv-none-embed/lib/rv32imac/ilp32\libnosys.a
END GROUP
                0x0000000000000200                __stack_size = 0x200
                [!provide]                        PROVIDE (_stack_size = __stack_size)

.init           0x0000000000000000        0x4
                0x0000000000000000                _sinit = .
                0x0000000000000000                . = ALIGN (0x4)
 *(SORT_NONE(.init))
 .init          0x0000000000000000        0x4 ./Startup/startup_CH573.o
                0x0000000000000000                _start
                0x0000000000000004                . = ALIGN (0x4)
                0x0000000000000004                _einit = .

.highcodelalign
                0x0000000000000004        0x0
                0x0000000000000004                . = ALIGN (0x4)
                0x0000000000000004                PROVIDE (_highcode_lma = .)

.highcode       0x0000000020003800      0x688 load address 0x0000000000000004
                0x0000000020003800                . = ALIGN (0x4)
                0x0000000020003800                PROVIDE (_highcode_vma_start = .)
 *(.vector)
 .vector        0x0000000020003800       0x90 ./Startup/startup_CH573.o
 *(SORT_NONE(.vector_handler))
 .vector_handler
                0x0000000020003890       0x2c ./Startup/startup_CH573.o
                0x0000000020003890                NMI_Handler
                0x0000000020003894                SysTick_Handler
                0x0000000020003896                SW_Handler
                0x0000000020003898                TMR0_IRQHandler
                0x000000002000389a                GPIOA_IRQHandler
                0x000000002000389c                GPIOB_IRQHandler
                0x000000002000389e                SPI0_IRQHandler
                0x00000000200038a0                BB_IRQHandler
                0x00000000200038a2                LLE_IRQHandler
                0x00000000200038a4                USB_IRQHandler
                0x00000000200038a6                TMR1_IRQHandler
                0x00000000200038a8                TMR2_IRQHandler
                0x00000000200038aa                UART0_IRQHandler
                0x00000000200038ac                UART1_IRQHandler
                0x00000000200038ae                RTC_IRQHandler
                0x00000000200038b0                ADC_IRQHandler
                0x00000000200038b2                PWMX_IRQHandler
                0x00000000200038b4                TMR3_IRQHandler
                0x00000000200038b6                UART2_IRQHandler
                0x00000000200038b8                UART3_IRQHandler
                0x00000000200038ba                WDOG_BAT_IRQHandler
 *(.highcode)
 .highcode      0x00000000200038bc      0x1d0 ./StdPeriphDriver/CH57x_sys.o
                0x00000000200038bc                SetSysClock
                0x00000000200039d4                SYS_ResetExecute
                0x0000000020003a10                HardFault_Handler
                0x0000000020003a56                mDelayuS
                0x0000000020003a64                mDelaymS
 .highcode      0x0000000020003a8c      0x3fa d:/CH573FEVT/CH573F_TFT/StdPeriphDriver\libISP573.a(ISP573.o)
                0x0000000020003a8c                FLASH_ROM_BEG
                0x0000000020003a9c                FLASH_ROM_END
                0x0000000020003aaa                FLASH_ROM_IN
                0x0000000020003ab8                FLASH_ROM_OUT
                0x0000000020003ac6                FLASH_ROM_ADDR
                0x0000000020003b0e                FLASH_ROM_WAIT
                0x0000000020003b46                FLASH_EEPROM_CMD
 *(.highcode.*)
                0x0000000020003e88                . = ALIGN (0x4)
 *fill*         0x0000000020003e86        0x2 
                0x0000000020003e88                PROVIDE (_highcode_vma_end = .)

.text           0x000000000000068c     0x3bc0
                0x000000000000068c                . = ALIGN (0x4)
 *(SORT_NONE(.handle_reset))
 .handle_reset  0x000000000000068c       0xca ./Startup/startup_CH573.o
                0x000000000000068c                handle_reset
 *(.text)
 .text          0x0000000000000756       0xa8 d:/wch/mounriver_studio2/resources/app/resources/win32/components/wch/toolchain/risc-v embedded gcc/bin/../lib/gcc/riscv-none-embed/8.2.0/../../../../riscv-none-embed/lib/rv32imac/ilp32\libg_nano.a(lib_a-memset.o)
                0x0000000000000756                memset
 *(.text.*)
 .text.TFT_Draw_MultiPoint.part.0
                0x00000000000007fe       0x5a ./src/TFTc/TFT_CAD.o
 .text.TFT_Draw_Point
                0x0000000000000858       0x24 ./src/TFTc/TFT_CAD.o
                0x0000000000000858                TFT_Draw_Point
 .text.TFT_Fill_Area
                0x000000000000087c       0x70 ./src/TFTc/TFT_CAD.o
                0x000000000000087c                TFT_Fill_Area
 .text.TFT_Draw_Fast_HLine
                0x00000000000008ec       0x56 ./src/TFTc/TFT_CAD.o
                0x00000000000008ec                TFT_Draw_Fast_HLine
 .text.TFT_Draw_Fast_VLine
                0x0000000000000942       0x56 ./src/TFTc/TFT_CAD.o
                0x0000000000000942                TFT_Draw_Fast_VLine
 .text.TFT_Draw_Line
                0x0000000000000998      0x1ce ./src/TFTc/TFT_CAD.o
                0x0000000000000998                TFT_Draw_Line
 .text.TFT_Draw_Rectangle
                0x0000000000000b66       0x6e ./src/TFTc/TFT_CAD.o
                0x0000000000000b66                TFT_Draw_Rectangle
 .text.TFT_Fill_Rectangle
                0x0000000000000bd4       0x22 ./src/TFTc/TFT_CAD.o
                0x0000000000000bd4                TFT_Fill_Rectangle
 .text.TFT_Draw_Circle
                0x0000000000000bf6      0x17c ./src/TFTc/TFT_CAD.o
                0x0000000000000bf6                TFT_Draw_Circle
 .text.TFT_Fill_Circle
                0x0000000000000d72      0x148 ./src/TFTc/TFT_CAD.o
                0x0000000000000d72                TFT_Fill_Circle
 .text.TFT_Draw_Ellipse
                0x0000000000000eba      0x1be ./src/TFTc/TFT_CAD.o
                0x0000000000000eba                TFT_Draw_Ellipse
 .text.TFT_Fill_Ellipse
                0x0000000000001078      0x16a ./src/TFTc/TFT_CAD.o
                0x0000000000001078                TFT_Fill_Ellipse
 .text.TFT_Set_Direction
                0x00000000000011e2       0x46 ./src/TFTc/TFT_init.o
 .text.TFT_Init_ST7735S
                0x0000000000001228      0x328 ./src/TFTc/TFT_init.o
                0x0000000000001228                TFT_Init_ST7735S
 .text.TFT_Init_ST7789v3
                0x0000000000001550      0x22a ./src/TFTc/TFT_init.o
                0x0000000000001550                TFT_Init_ST7789v3
 .text.TFT_Wait_DMA_Transfer_Complete
                0x000000000000177a       0x14 ./src/TFTc/TFT_io.o
 .text.TFT_Init_Instance
                0x000000000000178e       0x24 ./src/TFTc/TFT_io.o
                0x000000000000178e                TFT_Init_Instance
 .text.TFT_Config_Pins
                0x00000000000017b2       0x16 ./src/TFTc/TFT_io.o
                0x00000000000017b2                TFT_Config_Pins
 .text.TFT_Config_Display
                0x00000000000017c8        0xe ./src/TFTc/TFT_io.o
                0x00000000000017c8                TFT_Config_Display
 .text.TFT_Pin_RES_Set
                0x00000000000017d6       0x40 ./src/TFTc/TFT_io.o
                0x00000000000017d6                TFT_Pin_RES_Set
 .text.TFT_Pin_DC_Set
                0x0000000000001816       0x40 ./src/TFTc/TFT_io.o
                0x0000000000001816                TFT_Pin_DC_Set
 .text.TFT_Pin_CS_Set
                0x0000000000001856       0x40 ./src/TFTc/TFT_io.o
                0x0000000000001856                TFT_Pin_CS_Set
 .text.TFT_Pin_BLK_Set
                0x0000000000001896       0x40 ./src/TFTc/TFT_io.o
                0x0000000000001896                TFT_Pin_BLK_Set
 .text.TFT_SPI_Send
                0x00000000000018d6       0x74 ./src/TFTc/TFT_io.o
                0x00000000000018d6                TFT_SPI_Send
 .text.TFT_Flush_Buffer
                0x000000000000194a       0x26 ./src/TFTc/TFT_io.o
                0x000000000000194a                TFT_Flush_Buffer
 .text.TFT_Buffer_Write16
                0x0000000000001970       0x5c ./src/TFTc/TFT_io.o
                0x0000000000001970                TFT_Buffer_Write16
 .text.TFT_Reset_Buffer
                0x00000000000019cc        0x8 ./src/TFTc/TFT_io.o
                0x00000000000019cc                TFT_Reset_Buffer
 .text.TFT_IO_Init
                0x00000000000019d4       0x58 ./src/TFTc/TFT_io.o
                0x00000000000019d4                TFT_IO_Init
 .text.TFT_Write_Data8
                0x0000000000001a2c       0x38 ./src/TFTc/TFT_io.o
                0x0000000000001a2c                TFT_Write_Data8
 .text.TFT_Write_Data16
                0x0000000000001a64       0x40 ./src/TFTc/TFT_io.o
                0x0000000000001a64                TFT_Write_Data16
 .text.TFT_Write_Command
                0x0000000000001aa4       0x3a ./src/TFTc/TFT_io.o
                0x0000000000001aa4                TFT_Write_Command
 .text.TFT_Set_Address
                0x0000000000001ade       0xba ./src/TFTc/TFT_io.o
                0x0000000000001ade                TFT_Set_Address
 .text.TFT_RGB  0x0000000000001b98       0x14 ./src/TFTc/TFT_io.o
                0x0000000000001b98                TFT_RGB
 .text.TFT_Show_Char
                0x0000000000001bac      0x13c ./src/TFTc/TFT_text.o
                0x0000000000001bac                TFT_Show_Char
 .text.TFT_Show_String
                0x0000000000001ce8       0x98 ./src/TFTc/TFT_text.o
                0x0000000000001ce8                TFT_Show_String
 .text.startup.main
                0x0000000000001d80      0x304 ./src/Main.o
                0x0000000000001d80                main
 .text.GPIOA_ModeCfg
                0x0000000000002084       0xa6 ./StdPeriphDriver/CH57x_gpio.o
                0x0000000000002084                GPIOA_ModeCfg
 .text.GPIOB_ModeCfg
                0x000000000000212a       0xa6 ./StdPeriphDriver/CH57x_gpio.o
                0x000000000000212a                GPIOB_ModeCfg
 .text.SPI0_MasterDefInit
                0x00000000000021d0       0x32 ./StdPeriphDriver/CH57x_spi0.o
                0x00000000000021d0                SPI0_MasterDefInit
 .text.SPI0_MasterDMATrans
                0x0000000000002202       0x50 ./StdPeriphDriver/CH57x_spi0.o
                0x0000000000002202                SPI0_MasterDMATrans
 .text.GetSysClock
                0x0000000000002252       0x42 ./StdPeriphDriver/CH57x_sys.o
                0x0000000000002252                GetSysClock
 .text._write   0x0000000000002294       0x28 ./StdPeriphDriver/CH57x_sys.o
                0x0000000000002294                _write
 .text._sbrk    0x00000000000022bc       0x28 ./StdPeriphDriver/CH57x_sys.o
                0x00000000000022bc                _sbrk
 .text.UART1_BaudRateCfg
                0x00000000000022e4       0x30 ./StdPeriphDriver/CH57x_uart1.o
                0x00000000000022e4                UART1_BaudRateCfg
 .text.UART1_DefInit
                0x0000000000002314       0x32 ./StdPeriphDriver/CH57x_uart1.o
                0x0000000000002314                UART1_DefInit
 .text.malloc   0x0000000000002346        0xa d:/wch/mounriver_studio2/resources/app/resources/win32/components/wch/toolchain/risc-v embedded gcc/bin/../lib/gcc/riscv-none-embed/8.2.0/../../../../riscv-none-embed/lib/rv32imac/ilp32\libg_nano.a(lib_a-malloc.o)
                0x0000000000002346                malloc
 .text._free_r  0x0000000000002350       0xa4 d:/wch/mounriver_studio2/resources/app/resources/win32/components/wch/toolchain/risc-v embedded gcc/bin/../lib/gcc/riscv-none-embed/8.2.0/../../../../riscv-none-embed/lib/rv32imac/ilp32\libg_nano.a(lib_a-nano-freer.o)
                0x0000000000002350                _free_r
 .text._malloc_r
                0x00000000000023f4       0xce d:/wch/mounriver_studio2/resources/app/resources/win32/components/wch/toolchain/risc-v embedded gcc/bin/../lib/gcc/riscv-none-embed/8.2.0/../../../../riscv-none-embed/lib/rv32imac/ilp32\libg_nano.a(lib_a-nano-mallocr.o)
                0x00000000000023f4                _malloc_r
 .text.printf   0x00000000000024c2       0x3e d:/wch/mounriver_studio2/resources/app/resources/win32/components/wch/toolchain/risc-v embedded gcc/bin/../lib/gcc/riscv-none-embed/8.2.0/../../../../riscv-none-embed/lib/rv32imac/ilp32\libg_nano.a(lib_a-printf.o)
                0x00000000000024c2                iprintf
                0x00000000000024c2                printf
 .text._sbrk_r  0x0000000000002500       0x2a d:/wch/mounriver_studio2/resources/app/resources/win32/components/wch/toolchain/risc-v embedded gcc/bin/../lib/gcc/riscv-none-embed/8.2.0/../../../../riscv-none-embed/lib/rv32imac/ilp32\libg_nano.a(lib_a-sbrkr.o)
                0x0000000000002500                _sbrk_r
 .text.std      0x000000000000252a       0x6a d:/wch/mounriver_studio2/resources/app/resources/win32/components/wch/toolchain/risc-v embedded gcc/bin/../lib/gcc/riscv-none-embed/8.2.0/../../../../riscv-none-embed/lib/rv32imac/ilp32\libg_nano.a(lib_a-findfp.o)
 .text._cleanup_r
                0x0000000000002594        0xa d:/wch/mounriver_studio2/resources/app/resources/win32/components/wch/toolchain/risc-v embedded gcc/bin/../lib/gcc/riscv-none-embed/8.2.0/../../../../riscv-none-embed/lib/rv32imac/ilp32\libg_nano.a(lib_a-findfp.o)
                0x0000000000002594                _cleanup_r
 .text.__sfmoreglue
                0x000000000000259e       0x46 d:/wch/mounriver_studio2/resources/app/resources/win32/components/wch/toolchain/risc-v embedded gcc/bin/../lib/gcc/riscv-none-embed/8.2.0/../../../../riscv-none-embed/lib/rv32imac/ilp32\libg_nano.a(lib_a-findfp.o)
                0x000000000000259e                __sfmoreglue
 .text.__sinit  0x00000000000025e4       0x6a d:/wch/mounriver_studio2/resources/app/resources/win32/components/wch/toolchain/risc-v embedded gcc/bin/../lib/gcc/riscv-none-embed/8.2.0/../../../../riscv-none-embed/lib/rv32imac/ilp32\libg_nano.a(lib_a-findfp.o)
                0x00000000000025e4                __sinit
 .text.__sfp    0x000000000000264e       0xa0 d:/wch/mounriver_studio2/resources/app/resources/win32/components/wch/toolchain/risc-v embedded gcc/bin/../lib/gcc/riscv-none-embed/8.2.0/../../../../riscv-none-embed/lib/rv32imac/ilp32\libg_nano.a(lib_a-findfp.o)
                0x000000000000264e                __sfp
 .text._fwalk_reent
                0x00000000000026ee       0x6c d:/wch/mounriver_studio2/resources/app/resources/win32/components/wch/toolchain/risc-v embedded gcc/bin/../lib/gcc/riscv-none-embed/8.2.0/../../../../riscv-none-embed/lib/rv32imac/ilp32\libg_nano.a(lib_a-fwalk.o)
                0x00000000000026ee                _fwalk_reent
 .text.__malloc_lock
                0x000000000000275a        0x2 d:/wch/mounriver_studio2/resources/app/resources/win32/components/wch/toolchain/risc-v embedded gcc/bin/../lib/gcc/riscv-none-embed/8.2.0/../../../../riscv-none-embed/lib/rv32imac/ilp32\libg_nano.a(lib_a-mlock.o)
                0x000000000000275a                __malloc_lock
 .text.__malloc_unlock
                0x000000000000275c        0x2 d:/wch/mounriver_studio2/resources/app/resources/win32/components/wch/toolchain/risc-v embedded gcc/bin/../lib/gcc/riscv-none-embed/8.2.0/../../../../riscv-none-embed/lib/rv32imac/ilp32\libg_nano.a(lib_a-mlock.o)
                0x000000000000275c                __malloc_unlock
 .text.__sfputc_r
                0x000000000000275e       0x28 d:/wch/mounriver_studio2/resources/app/resources/win32/components/wch/toolchain/risc-v embedded gcc/bin/../lib/gcc/riscv-none-embed/8.2.0/../../../../riscv-none-embed/lib/rv32imac/ilp32\libg_nano.a(lib_a-nano-vfprintf.o)
 .text.__sfputs_r
                0x0000000000002786       0x42 d:/wch/mounriver_studio2/resources/app/resources/win32/components/wch/toolchain/risc-v embedded gcc/bin/../lib/gcc/riscv-none-embed/8.2.0/../../../../riscv-none-embed/lib/rv32imac/ilp32\libg_nano.a(lib_a-nano-vfprintf.o)
                0x0000000000002786                __sfputs_r
 .text._vfprintf_r
                0x00000000000027c8      0x29e d:/wch/mounriver_studio2/resources/app/resources/win32/components/wch/toolchain/risc-v embedded gcc/bin/../lib/gcc/riscv-none-embed/8.2.0/../../../../riscv-none-embed/lib/rv32imac/ilp32\libg_nano.a(lib_a-nano-vfprintf.o)
                0x00000000000027c8                _vfprintf_r
                0x00000000000027c8                _vfiprintf_r
 .text._printf_common
                0x0000000000002a66      0x10c d:/wch/mounriver_studio2/resources/app/resources/win32/components/wch/toolchain/risc-v embedded gcc/bin/../lib/gcc/riscv-none-embed/8.2.0/../../../../riscv-none-embed/lib/rv32imac/ilp32\libg_nano.a(lib_a-nano-vfprintf_i.o)
                0x0000000000002a66                _printf_common
 .text._printf_i
                0x0000000000002b72      0x2ac d:/wch/mounriver_studio2/resources/app/resources/win32/components/wch/toolchain/risc-v embedded gcc/bin/../lib/gcc/riscv-none-embed/8.2.0/../../../../riscv-none-embed/lib/rv32imac/ilp32\libg_nano.a(lib_a-nano-vfprintf_i.o)
                0x0000000000002b72                _printf_i
 .text.__sread  0x0000000000002e1e       0x30 d:/wch/mounriver_studio2/resources/app/resources/win32/components/wch/toolchain/risc-v embedded gcc/bin/../lib/gcc/riscv-none-embed/8.2.0/../../../../riscv-none-embed/lib/rv32imac/ilp32\libg_nano.a(lib_a-stdio.o)
                0x0000000000002e1e                __sread
 .text.__swrite
                0x0000000000002e4e       0x4e d:/wch/mounriver_studio2/resources/app/resources/win32/components/wch/toolchain/risc-v embedded gcc/bin/../lib/gcc/riscv-none-embed/8.2.0/../../../../riscv-none-embed/lib/rv32imac/ilp32\libg_nano.a(lib_a-stdio.o)
                0x0000000000002e4e                __swrite
 .text.__sseek  0x0000000000002e9c       0x36 d:/wch/mounriver_studio2/resources/app/resources/win32/components/wch/toolchain/risc-v embedded gcc/bin/../lib/gcc/riscv-none-embed/8.2.0/../../../../riscv-none-embed/lib/rv32imac/ilp32\libg_nano.a(lib_a-stdio.o)
                0x0000000000002e9c                __sseek
 .text.__sclose
                0x0000000000002ed2        0x6 d:/wch/mounriver_studio2/resources/app/resources/win32/components/wch/toolchain/risc-v embedded gcc/bin/../lib/gcc/riscv-none-embed/8.2.0/../../../../riscv-none-embed/lib/rv32imac/ilp32\libg_nano.a(lib_a-stdio.o)
                0x0000000000002ed2                __sclose
 .text.__swbuf_r
                0x0000000000002ed8       0xc2 d:/wch/mounriver_studio2/resources/app/resources/win32/components/wch/toolchain/risc-v embedded gcc/bin/../lib/gcc/riscv-none-embed/8.2.0/../../../../riscv-none-embed/lib/rv32imac/ilp32\libg_nano.a(lib_a-wbuf.o)
                0x0000000000002ed8                __swbuf_r
 .text._write_r
                0x0000000000002f9a       0x2e d:/wch/mounriver_studio2/resources/app/resources/win32/components/wch/toolchain/risc-v embedded gcc/bin/../lib/gcc/riscv-none-embed/8.2.0/../../../../riscv-none-embed/lib/rv32imac/ilp32\libg_nano.a(lib_a-writer.o)
                0x0000000000002f9a                _write_r
 .text.__swsetup_r
                0x0000000000002fc8      0x110 d:/wch/mounriver_studio2/resources/app/resources/win32/components/wch/toolchain/risc-v embedded gcc/bin/../lib/gcc/riscv-none-embed/8.2.0/../../../../riscv-none-embed/lib/rv32imac/ilp32\libg_nano.a(lib_a-wsetup.o)
                0x0000000000002fc8                __swsetup_r
 .text._close_r
                0x00000000000030d8       0x28 d:/wch/mounriver_studio2/resources/app/resources/win32/components/wch/toolchain/risc-v embedded gcc/bin/../lib/gcc/riscv-none-embed/8.2.0/../../../../riscv-none-embed/lib/rv32imac/ilp32\libg_nano.a(lib_a-closer.o)
                0x00000000000030d8                _close_r
 .text.__sflush_r
                0x0000000000003100      0x13e d:/wch/mounriver_studio2/resources/app/resources/win32/components/wch/toolchain/risc-v embedded gcc/bin/../lib/gcc/riscv-none-embed/8.2.0/../../../../riscv-none-embed/lib/rv32imac/ilp32\libg_nano.a(lib_a-fflush.o)
                0x0000000000003100                __sflush_r
 .text._fflush_r
                0x000000000000323e       0x66 d:/wch/mounriver_studio2/resources/app/resources/win32/components/wch/toolchain/risc-v embedded gcc/bin/../lib/gcc/riscv-none-embed/8.2.0/../../../../riscv-none-embed/lib/rv32imac/ilp32\libg_nano.a(lib_a-fflush.o)
                0x000000000000323e                _fflush_r
 .text._lseek_r
                0x00000000000032a4       0x2c d:/wch/mounriver_studio2/resources/app/resources/win32/components/wch/toolchain/risc-v embedded gcc/bin/../lib/gcc/riscv-none-embed/8.2.0/../../../../riscv-none-embed/lib/rv32imac/ilp32\libg_nano.a(lib_a-lseekr.o)
                0x00000000000032a4                _lseek_r
 .text.__swhatbuf_r
                0x00000000000032d0       0x58 d:/wch/mounriver_studio2/resources/app/resources/win32/components/wch/toolchain/risc-v embedded gcc/bin/../lib/gcc/riscv-none-embed/8.2.0/../../../../riscv-none-embed/lib/rv32imac/ilp32\libg_nano.a(lib_a-makebuf.o)
                0x00000000000032d0                __swhatbuf_r
 .text.__smakebuf_r
                0x0000000000003328       0x9e d:/wch/mounriver_studio2/resources/app/resources/win32/components/wch/toolchain/risc-v embedded gcc/bin/../lib/gcc/riscv-none-embed/8.2.0/../../../../riscv-none-embed/lib/rv32imac/ilp32\libg_nano.a(lib_a-makebuf.o)
                0x0000000000003328                __smakebuf_r
 .text.memchr   0x00000000000033c6       0x1a d:/wch/mounriver_studio2/resources/app/resources/win32/components/wch/toolchain/risc-v embedded gcc/bin/../lib/gcc/riscv-none-embed/8.2.0/../../../../riscv-none-embed/lib/rv32imac/ilp32\libg_nano.a(lib_a-memchr.o)
                0x00000000000033c6                memchr
 .text._read_r  0x00000000000033e0       0x2c d:/wch/mounriver_studio2/resources/app/resources/win32/components/wch/toolchain/risc-v embedded gcc/bin/../lib/gcc/riscv-none-embed/8.2.0/../../../../riscv-none-embed/lib/rv32imac/ilp32\libg_nano.a(lib_a-readr.o)
                0x00000000000033e0                _read_r
 .text._fstat_r
                0x000000000000340c       0x2a d:/wch/mounriver_studio2/resources/app/resources/win32/components/wch/toolchain/risc-v embedded gcc/bin/../lib/gcc/riscv-none-embed/8.2.0/../../../../riscv-none-embed/lib/rv32imac/ilp32\libg_nano.a(lib_a-fstatr.o)
                0x000000000000340c                _fstat_r
 .text._isatty_r
                0x0000000000003436       0x28 d:/wch/mounriver_studio2/resources/app/resources/win32/components/wch/toolchain/risc-v embedded gcc/bin/../lib/gcc/riscv-none-embed/8.2.0/../../../../riscv-none-embed/lib/rv32imac/ilp32\libg_nano.a(lib_a-isattyr.o)
                0x0000000000003436                _isatty_r
 .text._close   0x000000000000345e        0xc d:/wch/mounriver_studio2/resources/app/resources/win32/components/wch/toolchain/risc-v embedded gcc/bin/../lib/gcc/riscv-none-embed/8.2.0/../../../../riscv-none-embed/lib/rv32imac/ilp32\libnosys.a(close.o)
                0x000000000000345e                _close
 .text._fstat   0x000000000000346a        0xc d:/wch/mounriver_studio2/resources/app/resources/win32/components/wch/toolchain/risc-v embedded gcc/bin/../lib/gcc/riscv-none-embed/8.2.0/../../../../riscv-none-embed/lib/rv32imac/ilp32\libnosys.a(fstat.o)
                0x000000000000346a                _fstat
 .text._isatty  0x0000000000003476        0xc d:/wch/mounriver_studio2/resources/app/resources/win32/components/wch/toolchain/risc-v embedded gcc/bin/../lib/gcc/riscv-none-embed/8.2.0/../../../../riscv-none-embed/lib/rv32imac/ilp32\libnosys.a(isatty.o)
                0x0000000000003476                _isatty
 .text._lseek   0x0000000000003482        0xc d:/wch/mounriver_studio2/resources/app/resources/win32/components/wch/toolchain/risc-v embedded gcc/bin/../lib/gcc/riscv-none-embed/8.2.0/../../../../riscv-none-embed/lib/rv32imac/ilp32\libnosys.a(lseek.o)
                0x0000000000003482                _lseek
 .text._read    0x000000000000348e        0xc d:/wch/mounriver_studio2/resources/app/resources/win32/components/wch/toolchain/risc-v embedded gcc/bin/../lib/gcc/riscv-none-embed/8.2.0/../../../../riscv-none-embed/lib/rv32imac/ilp32\libnosys.a(read.o)
                0x000000000000348e                _read
 *(.rodata)
 *(.rodata*)
 *fill*         0x000000000000349a        0x2 
 .rodata.ascii_12x6
                0x000000000000349c      0x474 ./src/TFTc/font.o
                0x000000000000349c                ascii_12x6
 .rodata.ascii_16x8
                0x0000000000003910      0x5f0 ./src/TFTc/font.o
                0x0000000000003910                ascii_16x8
 .rodata.ascii_8x6
                0x0000000000003f00      0x228 ./src/TFTc/font.o
                0x0000000000003f00                ascii_8x6
 .rodata.main.str1.4
                0x0000000000004128       0x41 ./src/Main.o
 *fill*         0x0000000000004169        0x3 
 .rodata.GPIOA_ModeCfg
                0x000000000000416c       0x14 ./StdPeriphDriver/CH57x_gpio.o
 .rodata.GPIOB_ModeCfg
                0x0000000000004180       0x14 ./StdPeriphDriver/CH57x_gpio.o
 .rodata.__sf_fake_stderr
                0x0000000000004194       0x20 d:/wch/mounriver_studio2/resources/app/resources/win32/components/wch/toolchain/risc-v embedded gcc/bin/../lib/gcc/riscv-none-embed/8.2.0/../../../../riscv-none-embed/lib/rv32imac/ilp32\libg_nano.a(lib_a-findfp.o)
                0x0000000000004194                __sf_fake_stderr
 .rodata.__sf_fake_stdin
                0x00000000000041b4       0x20 d:/wch/mounriver_studio2/resources/app/resources/win32/components/wch/toolchain/risc-v embedded gcc/bin/../lib/gcc/riscv-none-embed/8.2.0/../../../../riscv-none-embed/lib/rv32imac/ilp32\libg_nano.a(lib_a-findfp.o)
                0x00000000000041b4                __sf_fake_stdin
 .rodata.__sf_fake_stdout
                0x00000000000041d4       0x20 d:/wch/mounriver_studio2/resources/app/resources/win32/components/wch/toolchain/risc-v embedded gcc/bin/../lib/gcc/riscv-none-embed/8.2.0/../../../../riscv-none-embed/lib/rv32imac/ilp32\libg_nano.a(lib_a-findfp.o)
                0x00000000000041d4                __sf_fake_stdout
 .rodata._vfprintf_r.str1.4
                0x00000000000041f4       0x13 d:/wch/mounriver_studio2/resources/app/resources/win32/components/wch/toolchain/risc-v embedded gcc/bin/../lib/gcc/riscv-none-embed/8.2.0/../../../../riscv-none-embed/lib/rv32imac/ilp32\libg_nano.a(lib_a-nano-vfprintf.o)
 *fill*         0x0000000000004207        0x1 
 .rodata._printf_i.str1.4
                0x0000000000004208       0x28 d:/wch/mounriver_studio2/resources/app/resources/win32/components/wch/toolchain/risc-v embedded gcc/bin/../lib/gcc/riscv-none-embed/8.2.0/../../../../riscv-none-embed/lib/rv32imac/ilp32\libg_nano.a(lib_a-nano-vfprintf_i.o)
                                         0x25 (size before relaxing)
 *(.sdata2.*)
 .sdata2.afont12x6
                0x0000000000004230        0x8 ./src/TFTc/font.o
                0x0000000000004230                afont12x6
 .sdata2.afont16x8
                0x0000000000004238        0x8 ./src/TFTc/font.o
                0x0000000000004238                afont16x8
 .sdata2.afont8x6
                0x0000000000004240        0x8 ./src/TFTc/font.o
                0x0000000000004240                afont8x6
 .sdata2._global_impure_ptr
                0x0000000000004248        0x4 d:/wch/mounriver_studio2/resources/app/resources/win32/components/wch/toolchain/risc-v embedded gcc/bin/../lib/gcc/riscv-none-embed/8.2.0/../../../../riscv-none-embed/lib/rv32imac/ilp32\libg_nano.a(lib_a-impure.o)
                0x0000000000004248                _global_impure_ptr
 *(.glue_7)
 *(.glue_7t)
 *(.gnu.linkonce.t.*)
                0x000000000000424c                . = ALIGN (0x4)

.rela.dyn       0x000000000000424c        0x0
 .rela.text._sbrk
                0x000000000000424c        0x0 ./src/TFTc/TFT_CAD.o
 .rela.sdata.curbrk.3772
                0x000000000000424c        0x0 ./src/TFTc/TFT_CAD.o
 .rela.init     0x000000000000424c        0x0 ./src/TFTc/TFT_CAD.o
 .rela.vector   0x000000000000424c        0x0 ./src/TFTc/TFT_CAD.o
 .rela.handle_reset
                0x000000000000424c        0x0 ./src/TFTc/TFT_CAD.o
 .rela.text._sbrk_r
                0x000000000000424c        0x0 ./src/TFTc/TFT_CAD.o
 .rela.text._vfprintf_r
                0x000000000000424c        0x0 ./src/TFTc/TFT_CAD.o
 .rela.text._write_r
                0x000000000000424c        0x0 ./src/TFTc/TFT_CAD.o
 .rela.text._close_r
                0x000000000000424c        0x0 ./src/TFTc/TFT_CAD.o
 .rela.text._lseek_r
                0x000000000000424c        0x0 ./src/TFTc/TFT_CAD.o
 .rela.text._read_r
                0x000000000000424c        0x0 ./src/TFTc/TFT_CAD.o
 .rela.text._fstat_r
                0x000000000000424c        0x0 ./src/TFTc/TFT_CAD.o
 .rela.text._isatty_r
                0x000000000000424c        0x0 ./src/TFTc/TFT_CAD.o
 .rela.text._close
                0x000000000000424c        0x0 ./src/TFTc/TFT_CAD.o
 .rela.text._fstat
                0x000000000000424c        0x0 ./src/TFTc/TFT_CAD.o
 .rela.text._isatty
                0x000000000000424c        0x0 ./src/TFTc/TFT_CAD.o
 .rela.text._lseek
                0x000000000000424c        0x0 ./src/TFTc/TFT_CAD.o
 .rela.text._read
                0x000000000000424c        0x0 ./src/TFTc/TFT_CAD.o

.fini           0x000000000000424c        0x0
 *(SORT_NONE(.fini))
                0x000000000000424c                . = ALIGN (0x4)
                [!provide]                        PROVIDE (_etext = .)
                [!provide]                        PROVIDE (_eitcm = .)

.preinit_array  0x000000000000424c        0x0
                [!provide]                        PROVIDE (__preinit_array_start = .)
 *(.preinit_array)
                [!provide]                        PROVIDE (__preinit_array_end = .)

.init_array     0x000000000000424c        0x0
                [!provide]                        PROVIDE (__init_array_start = .)
 *(SORT_BY_INIT_PRIORITY(.init_array.*) SORT_BY_INIT_PRIORITY(.ctors.*))
 *(.init_array EXCLUDE_FILE(*crtend?.o *crtend.o *crtbegin?.o *crtbegin.o) .ctors)
                [!provide]                        PROVIDE (__init_array_end = .)

.fini_array     0x000000000000424c        0x0
                [!provide]                        PROVIDE (__fini_array_start = .)
 *(SORT_BY_INIT_PRIORITY(.fini_array.*) SORT_BY_INIT_PRIORITY(.dtors.*))
 *(.fini_array EXCLUDE_FILE(*crtend?.o *crtend.o *crtbegin?.o *crtbegin.o) .dtors)
                [!provide]                        PROVIDE (__fini_array_end = .)

.ctors
 *crtbegin.o(.ctors)
 *crtbegin?.o(.ctors)
 *(EXCLUDE_FILE(*crtend?.o *crtend.o) .ctors)
 *(SORT_BY_NAME(.ctors.*))
 *(.ctors)

.dtors
 *crtbegin.o(.dtors)
 *crtbegin?.o(.dtors)
 *(EXCLUDE_FILE(*crtend?.o *crtend.o) .dtors)
 *(SORT_BY_NAME(.dtors.*))
 *(.dtors)

.dalign         0x0000000020003e88      0x178 load address 0x000000000000424c
                0x0000000020004000                . = (ORIGIN (RAM) + MAX (0x800, SIZEOF (.highcode)))
 *fill*         0x0000000020003e88      0x178 

.dlalign        0x000000000000424c        0x0
                0x000000000000424c                . = ALIGN (0x4)
                0x000000000000424c                PROVIDE (_data_lma = .)

.data           0x0000000020004000       0x70 load address 0x000000000000424c
                0x0000000020004000                . = ALIGN (0x4)
                0x0000000020004000                PROVIDE (_data_vma = .)
 *(.gnu.linkonce.r.*)
 *(.data .data.*)
 .data.impure_data
                0x0000000020004000       0x60 d:/wch/mounriver_studio2/resources/app/resources/win32/components/wch/toolchain/risc-v embedded gcc/bin/../lib/gcc/riscv-none-embed/8.2.0/../../../../riscv-none-embed/lib/rv32imac/ilp32\libg_nano.a(lib_a-impure.o)
 *(.gnu.linkonce.d.*)
                0x0000000020004060                . = ALIGN (0x8)
                0x0000000020004860                PROVIDE (__global_pointer$ = (. + 0x800))
 *(.sdata .sdata.*)
 .sdata.HEIGHT  0x0000000020004060        0x4 ./src/Main.o
                0x0000000020004060                HEIGHT
 .sdata.WIDTH   0x0000000020004064        0x4 ./src/Main.o
                0x0000000020004064                WIDTH
 .sdata.curbrk.3772
                0x0000000020004068        0x4 ./StdPeriphDriver/CH57x_sys.o
 .sdata._impure_ptr
                0x000000002000406c        0x4 d:/wch/mounriver_studio2/resources/app/resources/win32/components/wch/toolchain/risc-v embedded gcc/bin/../lib/gcc/riscv-none-embed/8.2.0/../../../../riscv-none-embed/lib/rv32imac/ilp32\libg_nano.a(lib_a-impure.o)
                0x000000002000406c                _impure_ptr
 *(.gnu.linkonce.s.*)
                0x0000000020004070                . = ALIGN (0x8)
 *(.srodata.cst16)
 *(.srodata.cst8)
 *(.srodata.cst4)
 *(.srodata.cst2)
 *(.srodata .srodata.*)
                0x0000000020004070                . = ALIGN (0x4)
                0x0000000020004070                PROVIDE (_edata = .)

.bss            0x0000000020004070       0x48 load address 0x00000000000042bc
                0x0000000020004070                . = ALIGN (0x4)
                0x0000000020004070                PROVIDE (_sbss = .)
 *(.sbss*)
 .sbss.g_tft_handles
                0x0000000020004070        0x4 ./src/TFTc/TFT_io.o
 .sbss.SPI0     0x0000000020004074        0x4 ./src/Main.o
                0x0000000020004074                SPI0
 .sbss.__malloc_free_list
                0x0000000020004078        0x4 d:/wch/mounriver_studio2/resources/app/resources/win32/components/wch/toolchain/risc-v embedded gcc/bin/../lib/gcc/riscv-none-embed/8.2.0/../../../../riscv-none-embed/lib/rv32imac/ilp32\libg_nano.a(lib_a-nano-mallocr.o)
                0x0000000020004078                __malloc_free_list
 .sbss.__malloc_sbrk_start
                0x000000002000407c        0x4 d:/wch/mounriver_studio2/resources/app/resources/win32/components/wch/toolchain/risc-v embedded gcc/bin/../lib/gcc/riscv-none-embed/8.2.0/../../../../riscv-none-embed/lib/rv32imac/ilp32\libg_nano.a(lib_a-nano-mallocr.o)
                0x000000002000407c                __malloc_sbrk_start
 *(.gnu.linkonce.sb.*)
 *(.bss*)
 .bss.htft1     0x0000000020004080       0x34 ./src/Main.o
                0x0000000020004080                htft1
 *(.gnu.linkonce.b.*)
 *(COMMON*)
 COMMON         0x00000000200040b4        0x4 d:/wch/mounriver_studio2/resources/app/resources/win32/components/wch/toolchain/risc-v embedded gcc/bin/../lib/gcc/riscv-none-embed/8.2.0/../../../../riscv-none-embed/lib/rv32imac/ilp32\libg_nano.a(lib_a-reent.o)
                0x00000000200040b4                errno
                0x00000000200040b8                . = ALIGN (0x4)
                0x00000000200040b8                PROVIDE (_ebss = .)
                0x00000000200040b8                PROVIDE (_end = _ebss)
                [!provide]                        PROVIDE (end = .)

.stack          0x0000000020007e00      0x200
                0x0000000020007e00                PROVIDE (_heap_end = .)
                0x0000000020007e00                . = ALIGN (0x4)
                [!provide]                        PROVIDE (_susrstack = .)
                0x0000000020008000                . = (. + __stack_size)
 *fill*         0x0000000020007e00      0x200 
                0x0000000020008000                PROVIDE (_eusrstack = .)
OUTPUT(TFT_CH573F.elf elf32-littleriscv)

.debug_info     0x0000000000000000     0xd81a
 .debug_info    0x0000000000000000     0x32f3 ./src/TFTc/TFT_CAD.o
 .debug_info    0x00000000000032f3     0x1d16 ./src/TFTc/TFT_init.o
 .debug_info    0x0000000000005009     0x18a4 ./src/TFTc/TFT_io.o
 .debug_info    0x00000000000068ad     0x11df ./src/TFTc/TFT_text.o
 .debug_info    0x0000000000007a8c      0xc16 ./src/TFTc/font.o
 .debug_info    0x00000000000086a2     0x1393 ./src/Main.o
 .debug_info    0x0000000000009a35      0xdae ./StdPeriphDriver/CH57x_gpio.o
 .debug_info    0x000000000000a7e3      0xec0 ./StdPeriphDriver/CH57x_spi0.o
 .debug_info    0x000000000000b6a3     0x13cf ./StdPeriphDriver/CH57x_sys.o
 .debug_info    0x000000000000ca72      0xd86 ./StdPeriphDriver/CH57x_uart1.o
 .debug_info    0x000000000000d7f8       0x22 ./Startup/startup_CH573.o

.debug_abbrev   0x0000000000000000     0x1dda
 .debug_abbrev  0x0000000000000000      0x45e ./src/TFTc/TFT_CAD.o
 .debug_abbrev  0x000000000000045e      0x242 ./src/TFTc/TFT_init.o
 .debug_abbrev  0x00000000000006a0      0x424 ./src/TFTc/TFT_io.o
 .debug_abbrev  0x0000000000000ac4      0x2ee ./src/TFTc/TFT_text.o
 .debug_abbrev  0x0000000000000db2      0x1fe ./src/TFTc/font.o
 .debug_abbrev  0x0000000000000fb0      0x25f ./src/Main.o
 .debug_abbrev  0x000000000000120f      0x268 ./StdPeriphDriver/CH57x_gpio.o
 .debug_abbrev  0x0000000000001477      0x304 ./StdPeriphDriver/CH57x_spi0.o
 .debug_abbrev  0x000000000000177b      0x3a3 ./StdPeriphDriver/CH57x_sys.o
 .debug_abbrev  0x0000000000001b1e      0x2aa ./StdPeriphDriver/CH57x_uart1.o
 .debug_abbrev  0x0000000000001dc8       0x12 ./Startup/startup_CH573.o

.debug_loc      0x0000000000000000     0x45fe
 .debug_loc     0x0000000000000000     0x2d2d ./src/TFTc/TFT_CAD.o
 .debug_loc     0x0000000000002d2d       0xb0 ./src/TFTc/TFT_init.o
 .debug_loc     0x0000000000002ddd      0x831 ./src/TFTc/TFT_io.o
 .debug_loc     0x000000000000360e      0x621 ./src/TFTc/TFT_text.o
 .debug_loc     0x0000000000003c2f       0x1f ./src/Main.o
 .debug_loc     0x0000000000003c4e      0x361 ./StdPeriphDriver/CH57x_gpio.o
 .debug_loc     0x0000000000003faf      0x1b6 ./StdPeriphDriver/CH57x_spi0.o
 .debug_loc     0x0000000000004165      0x2ac ./StdPeriphDriver/CH57x_sys.o
 .debug_loc     0x0000000000004411      0x1ed ./StdPeriphDriver/CH57x_uart1.o

.debug_aranges  0x0000000000000000      0x400
 .debug_aranges
                0x0000000000000000       0xd0 ./src/TFTc/TFT_CAD.o
 .debug_aranges
                0x00000000000000d0       0x30 ./src/TFTc/TFT_init.o
 .debug_aranges
                0x0000000000000100       0xb8 ./src/TFTc/TFT_io.o
 .debug_aranges
                0x00000000000001b8       0x28 ./src/TFTc/TFT_text.o
 .debug_aranges
                0x00000000000001e0       0x18 ./src/TFTc/font.o
 .debug_aranges
                0x00000000000001f8       0x20 ./src/Main.o
 .debug_aranges
                0x0000000000000218       0x48 ./StdPeriphDriver/CH57x_gpio.o
 .debug_aranges
                0x0000000000000260       0x88 ./StdPeriphDriver/CH57x_spi0.o
 .debug_aranges
                0x00000000000002e8       0x90 ./StdPeriphDriver/CH57x_sys.o
 .debug_aranges
                0x0000000000000378       0x50 ./StdPeriphDriver/CH57x_uart1.o
 .debug_aranges
                0x00000000000003c8       0x38 ./Startup/startup_CH573.o

.debug_ranges   0x0000000000000000      0x640
 .debug_ranges  0x0000000000000000      0x2f0 ./src/TFTc/TFT_CAD.o
 .debug_ranges  0x00000000000002f0       0x20 ./src/TFTc/TFT_init.o
 .debug_ranges  0x0000000000000310       0xf8 ./src/TFTc/TFT_io.o
 .debug_ranges  0x0000000000000408       0x88 ./src/TFTc/TFT_text.o
 .debug_ranges  0x0000000000000490       0x10 ./src/Main.o
 .debug_ranges  0x00000000000004a0       0x38 ./StdPeriphDriver/CH57x_gpio.o
 .debug_ranges  0x00000000000004d8       0x78 ./StdPeriphDriver/CH57x_spi0.o
 .debug_ranges  0x0000000000000550       0x80 ./StdPeriphDriver/CH57x_sys.o
 .debug_ranges  0x00000000000005d0       0x40 ./StdPeriphDriver/CH57x_uart1.o
 .debug_ranges  0x0000000000000610       0x30 ./Startup/startup_CH573.o

.debug_line     0x0000000000000000     0x7cd0
 .debug_line    0x0000000000000000     0x2d82 ./src/TFTc/TFT_CAD.o
 .debug_line    0x0000000000002d82      0x78e ./src/TFTc/TFT_init.o
 .debug_line    0x0000000000003510      0xe8c ./src/TFTc/TFT_io.o
 .debug_line    0x000000000000439c      0x692 ./src/TFTc/TFT_text.o
 .debug_line    0x0000000000004a2e      0x230 ./src/TFTc/font.o
 .debug_line    0x0000000000004c5e      0x626 ./src/Main.o
 .debug_line    0x0000000000005284      0x7b5 ./StdPeriphDriver/CH57x_gpio.o
 .debug_line    0x0000000000005a39      0xbf0 ./StdPeriphDriver/CH57x_spi0.o
 .debug_line    0x0000000000006629      0xe1c ./StdPeriphDriver/CH57x_sys.o
 .debug_line    0x0000000000007445      0x5f8 ./StdPeriphDriver/CH57x_uart1.o
 .debug_line    0x0000000000007a3d      0x293 ./Startup/startup_CH573.o

.debug_str      0x0000000000000000     0x17d8
 .debug_str     0x0000000000000000      0xc0e ./src/TFTc/TFT_CAD.o
                                        0xcca (size before relaxing)
 .debug_str     0x0000000000000c0e       0xa3 ./src/TFTc/TFT_init.o
                                        0x8e0 (size before relaxing)
 .debug_str     0x0000000000000cb1      0x1ec ./src/TFTc/TFT_io.o
                                        0xafa (size before relaxing)
 .debug_str     0x0000000000000e9d      0x131 ./src/TFTc/TFT_text.o
                                        0x9cb (size before relaxing)
 .debug_str     0x0000000000000fce       0x5d ./src/TFTc/font.o
                                        0x63a (size before relaxing)
 .debug_str     0x000000000000102b      0x1a5 ./src/Main.o
                                        0xb57 (size before relaxing)
 .debug_str     0x00000000000011d0       0xfc ./StdPeriphDriver/CH57x_gpio.o
                                        0x8c3 (size before relaxing)
 .debug_str     0x00000000000012cc      0x191 ./StdPeriphDriver/CH57x_spi0.o
                                        0x90a (size before relaxing)
 .debug_str     0x000000000000145d      0x277 ./StdPeriphDriver/CH57x_sys.o
                                        0xb58 (size before relaxing)
 .debug_str     0x00000000000016d4       0xdd ./StdPeriphDriver/CH57x_uart1.o
                                        0x868 (size before relaxing)
 .debug_str     0x00000000000017b1       0x27 ./Startup/startup_CH573.o
                                         0x43 (size before relaxing)

.comment        0x0000000000000000       0x33
 .comment       0x0000000000000000       0x33 ./src/TFTc/TFT_CAD.o
                                         0x34 (size before relaxing)
 .comment       0x0000000000000033       0x34 ./src/TFTc/TFT_init.o
 .comment       0x0000000000000033       0x34 ./src/TFTc/TFT_io.o
 .comment       0x0000000000000033       0x34 ./src/TFTc/TFT_text.o
 .comment       0x0000000000000033       0x34 ./src/TFTc/font.o
 .comment       0x0000000000000033       0x34 ./src/Main.o
 .comment       0x0000000000000033       0x34 ./StdPeriphDriver/CH57x_gpio.o
 .comment       0x0000000000000033       0x34 ./StdPeriphDriver/CH57x_spi0.o
 .comment       0x0000000000000033       0x34 ./StdPeriphDriver/CH57x_sys.o
 .comment       0x0000000000000033       0x34 ./StdPeriphDriver/CH57x_uart1.o
 .comment       0x0000000000000033       0x34 d:/CH573FEVT/CH573F_TFT/StdPeriphDriver\libISP573.a(ISP573.o)

.debug_frame    0x0000000000000000     0x1638
 .debug_frame   0x0000000000000000      0x670 ./src/TFTc/TFT_CAD.o
 .debug_frame   0x0000000000000670       0x7c ./src/TFTc/TFT_init.o
 .debug_frame   0x00000000000006ec      0x230 ./src/TFTc/TFT_io.o
 .debug_frame   0x000000000000091c       0xb0 ./src/TFTc/TFT_text.o
 .debug_frame   0x00000000000009cc       0x3c ./src/Main.o
 .debug_frame   0x0000000000000a08       0x70 ./StdPeriphDriver/CH57x_gpio.o
 .debug_frame   0x0000000000000a78      0x110 ./StdPeriphDriver/CH57x_spi0.o
 .debug_frame   0x0000000000000b88      0x124 ./StdPeriphDriver/CH57x_sys.o
 .debug_frame   0x0000000000000cac       0x9c ./StdPeriphDriver/CH57x_uart1.o
 .debug_frame   0x0000000000000d48       0x30 d:/wch/mounriver_studio2/resources/app/resources/win32/components/wch/toolchain/risc-v embedded gcc/bin/../lib/gcc/riscv-none-embed/8.2.0/../../../../riscv-none-embed/lib/rv32imac/ilp32\libg_nano.a(lib_a-malloc.o)
 .debug_frame   0x0000000000000d78       0x40 d:/wch/mounriver_studio2/resources/app/resources/win32/components/wch/toolchain/risc-v embedded gcc/bin/../lib/gcc/riscv-none-embed/8.2.0/../../../../riscv-none-embed/lib/rv32imac/ilp32\libg_nano.a(lib_a-nano-freer.o)
 .debug_frame   0x0000000000000db8       0x40 d:/wch/mounriver_studio2/resources/app/resources/win32/components/wch/toolchain/risc-v embedded gcc/bin/../lib/gcc/riscv-none-embed/8.2.0/../../../../riscv-none-embed/lib/rv32imac/ilp32\libg_nano.a(lib_a-nano-mallocr.o)
 .debug_frame   0x0000000000000df8       0x54 d:/wch/mounriver_studio2/resources/app/resources/win32/components/wch/toolchain/risc-v embedded gcc/bin/../lib/gcc/riscv-none-embed/8.2.0/../../../../riscv-none-embed/lib/rv32imac/ilp32\libg_nano.a(lib_a-printf.o)
 .debug_frame   0x0000000000000e4c       0x30 d:/wch/mounriver_studio2/resources/app/resources/win32/components/wch/toolchain/risc-v embedded gcc/bin/../lib/gcc/riscv-none-embed/8.2.0/../../../../riscv-none-embed/lib/rv32imac/ilp32\libg_nano.a(lib_a-sbrkr.o)
 .debug_frame   0x0000000000000e7c      0x148 d:/wch/mounriver_studio2/resources/app/resources/win32/components/wch/toolchain/risc-v embedded gcc/bin/../lib/gcc/riscv-none-embed/8.2.0/../../../../riscv-none-embed/lib/rv32imac/ilp32\libg_nano.a(lib_a-findfp.o)
 .debug_frame   0x0000000000000fc4       0x88 d:/wch/mounriver_studio2/resources/app/resources/win32/components/wch/toolchain/risc-v embedded gcc/bin/../lib/gcc/riscv-none-embed/8.2.0/../../../../riscv-none-embed/lib/rv32imac/ilp32\libg_nano.a(lib_a-fwalk.o)
 .debug_frame   0x000000000000104c       0x30 d:/wch/mounriver_studio2/resources/app/resources/win32/components/wch/toolchain/risc-v embedded gcc/bin/../lib/gcc/riscv-none-embed/8.2.0/../../../../riscv-none-embed/lib/rv32imac/ilp32\libg_nano.a(lib_a-mlock.o)
 .debug_frame   0x000000000000107c       0xd0 d:/wch/mounriver_studio2/resources/app/resources/win32/components/wch/toolchain/risc-v embedded gcc/bin/../lib/gcc/riscv-none-embed/8.2.0/../../../../riscv-none-embed/lib/rv32imac/ilp32\libg_nano.a(lib_a-nano-vfprintf.o)
 .debug_frame   0x000000000000114c       0x8c d:/wch/mounriver_studio2/resources/app/resources/win32/components/wch/toolchain/risc-v embedded gcc/bin/../lib/gcc/riscv-none-embed/8.2.0/../../../../riscv-none-embed/lib/rv32imac/ilp32\libg_nano.a(lib_a-nano-vfprintf_i.o)
 .debug_frame   0x00000000000011d8       0x70 d:/wch/mounriver_studio2/resources/app/resources/win32/components/wch/toolchain/risc-v embedded gcc/bin/../lib/gcc/riscv-none-embed/8.2.0/../../../../riscv-none-embed/lib/rv32imac/ilp32\libg_nano.a(lib_a-reent.o)
 .debug_frame   0x0000000000001248       0xa4 d:/wch/mounriver_studio2/resources/app/resources/win32/components/wch/toolchain/risc-v embedded gcc/bin/../lib/gcc/riscv-none-embed/8.2.0/../../../../riscv-none-embed/lib/rv32imac/ilp32\libg_nano.a(lib_a-stdio.o)
 .debug_frame   0x00000000000012ec       0x50 d:/wch/mounriver_studio2/resources/app/resources/win32/components/wch/toolchain/risc-v embedded gcc/bin/../lib/gcc/riscv-none-embed/8.2.0/../../../../riscv-none-embed/lib/rv32imac/ilp32\libg_nano.a(lib_a-wbuf.o)
 .debug_frame   0x000000000000133c       0x30 d:/wch/mounriver_studio2/resources/app/resources/win32/components/wch/toolchain/risc-v embedded gcc/bin/../lib/gcc/riscv-none-embed/8.2.0/../../../../riscv-none-embed/lib/rv32imac/ilp32\libg_nano.a(lib_a-writer.o)
 .debug_frame   0x000000000000136c       0x3c d:/wch/mounriver_studio2/resources/app/resources/win32/components/wch/toolchain/risc-v embedded gcc/bin/../lib/gcc/riscv-none-embed/8.2.0/../../../../riscv-none-embed/lib/rv32imac/ilp32\libg_nano.a(lib_a-wsetup.o)
 .debug_frame   0x00000000000013a8       0x30 d:/wch/mounriver_studio2/resources/app/resources/win32/components/wch/toolchain/risc-v embedded gcc/bin/../lib/gcc/riscv-none-embed/8.2.0/../../../../riscv-none-embed/lib/rv32imac/ilp32\libg_nano.a(lib_a-closer.o)
 .debug_frame   0x00000000000013d8       0x7c d:/wch/mounriver_studio2/resources/app/resources/win32/components/wch/toolchain/risc-v embedded gcc/bin/../lib/gcc/riscv-none-embed/8.2.0/../../../../riscv-none-embed/lib/rv32imac/ilp32\libg_nano.a(lib_a-fflush.o)
 .debug_frame   0x0000000000001454       0x30 d:/wch/mounriver_studio2/resources/app/resources/win32/components/wch/toolchain/risc-v embedded gcc/bin/../lib/gcc/riscv-none-embed/8.2.0/../../../../riscv-none-embed/lib/rv32imac/ilp32\libg_nano.a(lib_a-lseekr.o)
 .debug_frame   0x0000000000001484       0x64 d:/wch/mounriver_studio2/resources/app/resources/win32/components/wch/toolchain/risc-v embedded gcc/bin/../lib/gcc/riscv-none-embed/8.2.0/../../../../riscv-none-embed/lib/rv32imac/ilp32\libg_nano.a(lib_a-makebuf.o)
 .debug_frame   0x00000000000014e8       0x20 d:/wch/mounriver_studio2/resources/app/resources/win32/components/wch/toolchain/risc-v embedded gcc/bin/../lib/gcc/riscv-none-embed/8.2.0/../../../../riscv-none-embed/lib/rv32imac/ilp32\libg_nano.a(lib_a-memchr.o)
 .debug_frame   0x0000000000001508       0x30 d:/wch/mounriver_studio2/resources/app/resources/win32/components/wch/toolchain/risc-v embedded gcc/bin/../lib/gcc/riscv-none-embed/8.2.0/../../../../riscv-none-embed/lib/rv32imac/ilp32\libg_nano.a(lib_a-readr.o)
 .debug_frame   0x0000000000001538       0x30 d:/wch/mounriver_studio2/resources/app/resources/win32/components/wch/toolchain/risc-v embedded gcc/bin/../lib/gcc/riscv-none-embed/8.2.0/../../../../riscv-none-embed/lib/rv32imac/ilp32\libg_nano.a(lib_a-fstatr.o)
 .debug_frame   0x0000000000001568       0x30 d:/wch/mounriver_studio2/resources/app/resources/win32/components/wch/toolchain/risc-v embedded gcc/bin/../lib/gcc/riscv-none-embed/8.2.0/../../../../riscv-none-embed/lib/rv32imac/ilp32\libg_nano.a(lib_a-isattyr.o)
 .debug_frame   0x0000000000001598       0x20 d:/wch/mounriver_studio2/resources/app/resources/win32/components/wch/toolchain/risc-v embedded gcc/bin/../lib/gcc/riscv-none-embed/8.2.0/../../../../riscv-none-embed/lib/rv32imac/ilp32\libnosys.a(close.o)
 .debug_frame   0x00000000000015b8       0x20 d:/wch/mounriver_studio2/resources/app/resources/win32/components/wch/toolchain/risc-v embedded gcc/bin/../lib/gcc/riscv-none-embed/8.2.0/../../../../riscv-none-embed/lib/rv32imac/ilp32\libnosys.a(fstat.o)
 .debug_frame   0x00000000000015d8       0x20 d:/wch/mounriver_studio2/resources/app/resources/win32/components/wch/toolchain/risc-v embedded gcc/bin/../lib/gcc/riscv-none-embed/8.2.0/../../../../riscv-none-embed/lib/rv32imac/ilp32\libnosys.a(isatty.o)
 .debug_frame   0x00000000000015f8       0x20 d:/wch/mounriver_studio2/resources/app/resources/win32/components/wch/toolchain/risc-v embedded gcc/bin/../lib/gcc/riscv-none-embed/8.2.0/../../../../riscv-none-embed/lib/rv32imac/ilp32\libnosys.a(lseek.o)
 .debug_frame   0x0000000000001618       0x20 d:/wch/mounriver_studio2/resources/app/resources/win32/components/wch/toolchain/risc-v embedded gcc/bin/../lib/gcc/riscv-none-embed/8.2.0/../../../../riscv-none-embed/lib/rv32imac/ilp32\libnosys.a(read.o)

.stab           0x0000000000000000       0x84
 .stab          0x0000000000000000       0x24 d:/wch/mounriver_studio2/resources/app/resources/win32/components/wch/toolchain/risc-v embedded gcc/bin/../lib/gcc/riscv-none-embed/8.2.0/../../../../riscv-none-embed/lib/rv32imac/ilp32\libnosys.a(close.o)
 .stab          0x0000000000000024       0x18 d:/wch/mounriver_studio2/resources/app/resources/win32/components/wch/toolchain/risc-v embedded gcc/bin/../lib/gcc/riscv-none-embed/8.2.0/../../../../riscv-none-embed/lib/rv32imac/ilp32\libnosys.a(fstat.o)
                                         0x24 (size before relaxing)
 .stab          0x000000000000003c       0x18 d:/wch/mounriver_studio2/resources/app/resources/win32/components/wch/toolchain/risc-v embedded gcc/bin/../lib/gcc/riscv-none-embed/8.2.0/../../../../riscv-none-embed/lib/rv32imac/ilp32\libnosys.a(isatty.o)
                                         0x24 (size before relaxing)
 .stab          0x0000000000000054       0x18 d:/wch/mounriver_studio2/resources/app/resources/win32/components/wch/toolchain/risc-v embedded gcc/bin/../lib/gcc/riscv-none-embed/8.2.0/../../../../riscv-none-embed/lib/rv32imac/ilp32\libnosys.a(lseek.o)
                                         0x24 (size before relaxing)
 .stab          0x000000000000006c       0x18 d:/wch/mounriver_studio2/resources/app/resources/win32/components/wch/toolchain/risc-v embedded gcc/bin/../lib/gcc/riscv-none-embed/8.2.0/../../../../riscv-none-embed/lib/rv32imac/ilp32\libnosys.a(read.o)
                                         0x24 (size before relaxing)

.stabstr        0x0000000000000000      0x117
 .stabstr       0x0000000000000000      0x117 d:/wch/mounriver_studio2/resources/app/resources/win32/components/wch/toolchain/risc-v embedded gcc/bin/../lib/gcc/riscv-none-embed/8.2.0/../../../../riscv-none-embed/lib/rv32imac/ilp32\libnosys.a(close.o)
